// Jest Snapshot v1, https://goo.gl/fbAQLP

exports[`<Accordion> renders Accordion with AccordionItems correctly 1`] = `
<aside
  className="p-accordion"
  role="tablist"
>
  <ul
    className="p-accordion__list"
  >
    <li
      className="p-accordion__group"
    >
      <button
        aria-controls="accordion-content-0"
        aria-expanded={false}
        className="p-accordion__tab"
        id="accordion-button-0"
        onClick={[Function]}
        onKeyDown={[Function]}
        role="tab"
      >
        Title of Item 1
      </button>
      <section
        aria-hidden={true}
        aria-labelledby="accordion-button-0"
        className="p-accordion__panel"
        id="accordion-content-0"
        role="tabpanel"
      >
        <p>
          Lorem Ipsum has been the industrys standard dummy text ever since the 1500s, when an unknown printer took a galley of type and scrambled it to make a type specimen book.
        </p>
      </section>
    </li>
    <li
      className="p-accordion__group"
    >
      <button
        aria-controls="accordion-content-1"
        aria-expanded={false}
        className="p-accordion__tab"
        id="accordion-button-1"
        onClick={[Function]}
        onKeyDown={[Function]}
        role="tab"
      >
        Title of Item 2
      </button>
      <section
        aria-hidden={true}
        aria-labelledby="accordion-button-1"
        className="p-accordion__panel"
        id="accordion-content-1"
        role="tabpanel"
      >
        <p>
          Lorem Ipsum has been the industrys standard dummy text ever since the 1500s, when an unknown printer took a galley of type and scrambled it to make a type specimen book.
        </p>
      </section>
    </li>
    <li
      className="p-accordion__group"
    >
      <button
        aria-controls="accordion-content-2"
        aria-expanded={false}
        className="p-accordion__tab"
        id="accordion-button-2"
        onClick={[Function]}
        onKeyDown={[Function]}
        role="tab"
      >
        Title of Item 3
      </button>
      <section
        aria-hidden={true}
        aria-labelledby="accordion-button-2"
        className="p-accordion__panel"
        id="accordion-content-2"
        role="tabpanel"
      >
        <p>
          Lorem Ipsum has been the industrys standard dummy text ever since the 1500s, when an unknown printer took a galley of type and scrambled it to make a type specimen book.
        </p>
      </section>
    </li>
  </ul>
</aside>
`;
