// Jest Snapshot v1, https://goo.gl/fbAQLP

exports[`Button component should render expected markup should compare the component with a snapshot 1`] = `
<button
  className="p-button--base"
>
  Submit
</button>
`;
