// Jest Snapshot v1, https://goo.gl/fbAQLP

exports[`MutedHeading component should render correctly 1`] = `
<h4
  className="p-muted-heading"
>
  Muted heading
</h4>
`;
